Simulator report for FlappyBirds
Thu May 30 21:07:13 2024
Quartus II Version 9.1 Build 350 03/24/2010 Service Pack 2 SJ Web Edition


---------------------
; Table of Contents ;
---------------------
  1. Legal Notice
  2. Simulator Summary
  3. Simulator Settings
  4. Simulation Waveforms
  5. Coverage Summary
  6. Complete 1/0-Value Coverage
  7. Missing 1-Value Coverage
  8. Missing 0-Value Coverage
  9. Simulator INI Usage
 10. Simulator Messages



----------------
; Legal Notice ;
----------------
Copyright (C) 1991-2010 Altera Corporation
Your use of Altera Corporation's design tools, logic functions 
and other software and tools, and its AMPP partner logic 
functions, and any output files from any of the foregoing 
(including device programming or simulation files), and any 
associated documentation or information are expressly subject 
to the terms and conditions of the Altera Program License 
Subscription Agreement, Altera MegaCore Function License 
Agreement, or other applicable license agreement, including, 
without limitation, that your use is for the sole purpose of 
programming logic devices manufactured by Altera and sold by 
Altera or its authorized distributors.  Please refer to the 
applicable agreement for further details.



+--------------------------------------------+
; Simulator Summary                          ;
+-----------------------------+--------------+
; Type                        ; Value        ;
+-----------------------------+--------------+
; Simulation Start Time       ; 0 ps         ;
; Simulation End Time         ; 1.0 us       ;
; Simulation Netlist Size     ; 210 nodes    ;
; Simulation Coverage         ;      55.24 % ;
; Total Number of Transitions ; 1206         ;
; Simulation Breakpoints      ; 0            ;
; Family                      ; Stratix II   ;
+-----------------------------+--------------+


+------------------------------------------------------------------------------------------------------------------------------+
; Simulator Settings                                                                                                           ;
+--------------------------------------------------------------------------------------------+-----------------+---------------+
; Option                                                                                     ; Setting         ; Default Value ;
+--------------------------------------------------------------------------------------------+-----------------+---------------+
; Simulation mode                                                                            ; Functional      ; Timing        ;
; Start time                                                                                 ; 0 ns            ; 0 ns          ;
; Simulation results format                                                                  ; CVWF            ;               ;
; Vector input source                                                                        ; FlappyBirds.vwf ;               ;
; Add pins automatically to simulation output waveforms                                      ; On              ; On            ;
; Check outputs                                                                              ; Off             ; Off           ;
; Report simulation coverage                                                                 ; On              ; On            ;
; Display complete 1/0 value coverage report                                                 ; On              ; On            ;
; Display missing 1-value coverage report                                                    ; On              ; On            ;
; Display missing 0-value coverage report                                                    ; On              ; On            ;
; Detect setup and hold time violations                                                      ; Off             ; Off           ;
; Detect glitches                                                                            ; Off             ; Off           ;
; Disable timing delays in Timing Simulation                                                 ; Off             ; Off           ;
; Generate Signal Activity File                                                              ; Off             ; Off           ;
; Generate VCD File for PowerPlay Power Analyzer                                             ; Off             ; Off           ;
; Group bus channels in simulation results                                                   ; Off             ; Off           ;
; Preserve fewer signal transitions to reduce memory requirements                            ; On              ; On            ;
; Trigger vector comparison with the specified mode                                          ; INPUT_EDGE      ; INPUT_EDGE    ;
; Disable setup and hold time violations detection in input registers of bi-directional pins ; Off             ; Off           ;
; Overwrite Waveform Inputs With Simulation Outputs                                          ; Off             ;               ;
; Perform Glitch Filtering in Timing Simulation                                              ; Auto            ; Auto          ;
+--------------------------------------------------------------------------------------------+-----------------+---------------+


+----------------------+
; Simulation Waveforms ;
+----------------------+
Waveform report data cannot be output to ASCII.
Please use Quartus II to view the waveform report data.


+--------------------------------------------------------------------+
; Coverage Summary                                                   ;
+-----------------------------------------------------+--------------+
; Type                                                ; Value        ;
+-----------------------------------------------------+--------------+
; Total coverage as a percentage                      ;      55.24 % ;
; Total nodes checked                                 ; 210          ;
; Total output ports checked                          ; 210          ;
; Total output ports with complete 1/0-value coverage ; 116          ;
; Total output ports with no 1/0-value coverage       ; 63           ;
; Total output ports with no 1-value coverage         ; 77           ;
; Total output ports with no 0-value coverage         ; 80           ;
+-----------------------------------------------------+--------------+


The following table displays output ports that toggle between 1 and 0 during simulation.
+--------------------------------------------------------------------------------------------------------------------------------------------------------------------------------------------------------------------------------------------------------------------------------------+
; Complete 1/0-Value Coverage                                                                                                                                                                                                                                                          ;
+---------------------------------------------------------------------------------------------------------------------------------+---------------------------------------------------------------------------------------------------------------------------------+------------------+
; Node Name                                                                                                                       ; Output Port Name                                                                                                                ; Output Port Type ;
+---------------------------------------------------------------------------------------------------------------------------------+---------------------------------------------------------------------------------------------------------------------------------+------------------+
; |pipe_generator|pipe_gap_y[0]                                                                                                   ; |pipe_generator|pipe_gap_y[0]                                                                                                   ; regout           ;
; |pipe_generator|pipe_x~0                                                                                                        ; |pipe_generator|pipe_x~0                                                                                                        ; out              ;
; |pipe_generator|pipe_x~1                                                                                                        ; |pipe_generator|pipe_x~1                                                                                                        ; out              ;
; |pipe_generator|pipe_x~2                                                                                                        ; |pipe_generator|pipe_x~2                                                                                                        ; out              ;
; |pipe_generator|pipe_x~3                                                                                                        ; |pipe_generator|pipe_x~3                                                                                                        ; out              ;
; |pipe_generator|pipe_gap_y~0                                                                                                    ; |pipe_generator|pipe_gap_y~0                                                                                                    ; out              ;
; |pipe_generator|pipe_gap_y~1                                                                                                    ; |pipe_generator|pipe_gap_y~1                                                                                                    ; out              ;
; |pipe_generator|pipe_gap_y~2                                                                                                    ; |pipe_generator|pipe_gap_y~2                                                                                                    ; out              ;
; |pipe_generator|pipe_gap_y~3                                                                                                    ; |pipe_generator|pipe_gap_y~3                                                                                                    ; out              ;
; |pipe_generator|pipe_x[3]                                                                                                       ; |pipe_generator|pipe_x[3]                                                                                                       ; regout           ;
; |pipe_generator|pipe_x[2]                                                                                                       ; |pipe_generator|pipe_x[2]                                                                                                       ; regout           ;
; |pipe_generator|pipe_x[1]                                                                                                       ; |pipe_generator|pipe_x[1]                                                                                                       ; regout           ;
; |pipe_generator|pipe_x[0]                                                                                                       ; |pipe_generator|pipe_x[0]                                                                                                       ; regout           ;
; |pipe_generator|pipe_gap_y[3]                                                                                                   ; |pipe_generator|pipe_gap_y[3]                                                                                                   ; regout           ;
; |pipe_generator|pipe_gap_y[2]                                                                                                   ; |pipe_generator|pipe_gap_y[2]                                                                                                   ; regout           ;
; |pipe_generator|pipe_gap_y[1]                                                                                                   ; |pipe_generator|pipe_gap_y[1]                                                                                                   ; regout           ;
; |pipe_generator|pipes~2                                                                                                         ; |pipe_generator|pipes~2                                                                                                         ; out              ;
; |pipe_generator|pipes~3                                                                                                         ; |pipe_generator|pipes~3                                                                                                         ; out              ;
; |pipe_generator|pipes~4                                                                                                         ; |pipe_generator|pipes~4                                                                                                         ; out              ;
; |pipe_generator|pipes~5                                                                                                         ; |pipe_generator|pipes~5                                                                                                         ; out              ;
; |pipe_generator|pipes~6                                                                                                         ; |pipe_generator|pipes~6                                                                                                         ; out              ;
; |pipe_generator|pipes~17                                                                                                        ; |pipe_generator|pipes~17                                                                                                        ; out              ;
; |pipe_generator|pipes~18                                                                                                        ; |pipe_generator|pipes~18                                                                                                        ; out              ;
; |pipe_generator|pipes~19                                                                                                        ; |pipe_generator|pipes~19                                                                                                        ; out              ;
; |pipe_generator|pipes~20                                                                                                        ; |pipe_generator|pipes~20                                                                                                        ; out              ;
; |pipe_generator|pipes~21                                                                                                        ; |pipe_generator|pipes~21                                                                                                        ; out              ;
; |pipe_generator|pipes~22                                                                                                        ; |pipe_generator|pipes~22                                                                                                        ; out              ;
; |pipe_generator|pipes~28                                                                                                        ; |pipe_generator|pipes~28                                                                                                        ; out              ;
; |pipe_generator|pipes~32                                                                                                        ; |pipe_generator|pipes~32                                                                                                        ; out              ;
; |pipe_generator|pipes~33                                                                                                        ; |pipe_generator|pipes~33                                                                                                        ; out              ;
; |pipe_generator|pipes~34                                                                                                        ; |pipe_generator|pipes~34                                                                                                        ; out              ;
; |pipe_generator|pipes~35                                                                                                        ; |pipe_generator|pipes~35                                                                                                        ; out              ;
; |pipe_generator|pipes~36                                                                                                        ; |pipe_generator|pipes~36                                                                                                        ; out              ;
; |pipe_generator|pipes~37                                                                                                        ; |pipe_generator|pipes~37                                                                                                        ; out              ;
; |pipe_generator|pipes~38                                                                                                        ; |pipe_generator|pipes~38                                                                                                        ; out              ;
; |pipe_generator|pipes~43                                                                                                        ; |pipe_generator|pipes~43                                                                                                        ; out              ;
; |pipe_generator|pipes~44                                                                                                        ; |pipe_generator|pipes~44                                                                                                        ; out              ;
; |pipe_generator|pipes~46                                                                                                        ; |pipe_generator|pipes~46                                                                                                        ; out              ;
; |pipe_generator|clk                                                                                                             ; |pipe_generator|clk                                                                                                             ; out              ;
; |pipe_generator|clk_div                                                                                                         ; |pipe_generator|clk_div                                                                                                         ; out              ;
; |pipe_generator|pipe_pos[1]                                                                                                     ; |pipe_generator|pipe_pos[1]                                                                                                     ; pin_out          ;
; |pipe_generator|pipe_pos[3]                                                                                                     ; |pipe_generator|pipe_pos[3]                                                                                                     ; pin_out          ;
; |pipe_generator|pipe_pos[4]                                                                                                     ; |pipe_generator|pipe_pos[4]                                                                                                     ; pin_out          ;
; |pipe_generator|pipe_pos[9]                                                                                                     ; |pipe_generator|pipe_pos[9]                                                                                                     ; pin_out          ;
; |pipe_generator|pipe_pos[10]                                                                                                    ; |pipe_generator|pipe_pos[10]                                                                                                    ; pin_out          ;
; |pipe_generator|pipe_pos[11]                                                                                                    ; |pipe_generator|pipe_pos[11]                                                                                                    ; pin_out          ;
; |pipe_generator|pipe_pos[12]                                                                                                    ; |pipe_generator|pipe_pos[12]                                                                                                    ; pin_out          ;
; |pipe_generator|pipe_pos[13]                                                                                                    ; |pipe_generator|pipe_pos[13]                                                                                                    ; pin_out          ;
; |pipe_generator|pipe_pos[14]                                                                                                    ; |pipe_generator|pipe_pos[14]                                                                                                    ; pin_out          ;
; |pipe_generator|pipe_pos[15]                                                                                                    ; |pipe_generator|pipe_pos[15]                                                                                                    ; pin_out          ;
; |pipe_generator|Decoder0~9                                                                                                      ; |pipe_generator|Decoder0~9                                                                                                      ; out0             ;
; |pipe_generator|Decoder0~12                                                                                                     ; |pipe_generator|Decoder0~12                                                                                                     ; out0             ;
; |pipe_generator|Decoder1~6                                                                                                      ; |pipe_generator|Decoder1~6                                                                                                      ; out0             ;
; |pipe_generator|Decoder1~10                                                                                                     ; |pipe_generator|Decoder1~10                                                                                                     ; out0             ;
; |pipe_generator|Decoder1~11                                                                                                     ; |pipe_generator|Decoder1~11                                                                                                     ; out0             ;
; |pipe_generator|Decoder1~13                                                                                                     ; |pipe_generator|Decoder1~13                                                                                                     ; out0             ;
; |pipe_generator|Decoder2~3                                                                                                      ; |pipe_generator|Decoder2~3                                                                                                      ; out0             ;
; |pipe_generator|Decoder2~10                                                                                                     ; |pipe_generator|Decoder2~10                                                                                                     ; out0             ;
; |pipe_generator|Decoder2~11                                                                                                     ; |pipe_generator|Decoder2~11                                                                                                     ; out0             ;
; |pipe_generator|Decoder2~14                                                                                                     ; |pipe_generator|Decoder2~14                                                                                                     ; out0             ;
; |pipe_generator|Decoder3~1                                                                                                      ; |pipe_generator|Decoder3~1                                                                                                      ; out0             ;
; |pipe_generator|Decoder3~4                                                                                                      ; |pipe_generator|Decoder3~4                                                                                                      ; out0             ;
; |pipe_generator|Decoder3~8                                                                                                      ; |pipe_generator|Decoder3~8                                                                                                      ; out0             ;
; |pipe_generator|Decoder3~12                                                                                                     ; |pipe_generator|Decoder3~12                                                                                                     ; out0             ;
; |pipe_generator|Decoder3~13                                                                                                     ; |pipe_generator|Decoder3~13                                                                                                     ; out0             ;
; |pipe_generator|Decoder3~15                                                                                                     ; |pipe_generator|Decoder3~15                                                                                                     ; out0             ;
; |pipe_generator|Add0~0                                                                                                          ; |pipe_generator|Add0~0                                                                                                          ; out0             ;
; |pipe_generator|Add0~1                                                                                                          ; |pipe_generator|Add0~1                                                                                                          ; out0             ;
; |pipe_generator|Add0~2                                                                                                          ; |pipe_generator|Add0~2                                                                                                          ; out0             ;
; |pipe_generator|Add0~3                                                                                                          ; |pipe_generator|Add0~3                                                                                                          ; out0             ;
; |pipe_generator|Add0~4                                                                                                          ; |pipe_generator|Add0~4                                                                                                          ; out0             ;
; |pipe_generator|Add0~5                                                                                                          ; |pipe_generator|Add0~5                                                                                                          ; out0             ;
; |pipe_generator|Add0~6                                                                                                          ; |pipe_generator|Add0~6                                                                                                          ; out0             ;
; |pipe_generator|Add1~0                                                                                                          ; |pipe_generator|Add1~0                                                                                                          ; out0             ;
; |pipe_generator|Add1~2                                                                                                          ; |pipe_generator|Add1~2                                                                                                          ; out0             ;
; |pipe_generator|Add1~4                                                                                                          ; |pipe_generator|Add1~4                                                                                                          ; out0             ;
; |pipe_generator|Add2~2                                                                                                          ; |pipe_generator|Add2~2                                                                                                          ; out0             ;
; |pipe_generator|Add3~0                                                                                                          ; |pipe_generator|Add3~0                                                                                                          ; out0             ;
; |pipe_generator|Add3~1                                                                                                          ; |pipe_generator|Add3~1                                                                                                          ; out0             ;
; |pipe_generator|Add3~3                                                                                                          ; |pipe_generator|Add3~3                                                                                                          ; out0             ;
; |pipe_generator|Add3~5                                                                                                          ; |pipe_generator|Add3~5                                                                                                          ; out0             ;
; |pipe_generator|Add3~6                                                                                                          ; |pipe_generator|Add3~6                                                                                                          ; out0             ;
; |pipe_generator|Equal0~0                                                                                                        ; |pipe_generator|Equal0~0                                                                                                        ; out0             ;
; |pipe_generator|lpm_divide:Mod0|lpm_divide_46m:auto_generated|sign_div_unsign_9kh:divider|alt_u_div_m0f:divider|StageOut[23]~1  ; |pipe_generator|lpm_divide:Mod0|lpm_divide_46m:auto_generated|sign_div_unsign_9kh:divider|alt_u_div_m0f:divider|StageOut[23]~1  ; out0             ;
; |pipe_generator|lpm_divide:Mod0|lpm_divide_46m:auto_generated|sign_div_unsign_9kh:divider|alt_u_div_m0f:divider|StageOut[22]~2  ; |pipe_generator|lpm_divide:Mod0|lpm_divide_46m:auto_generated|sign_div_unsign_9kh:divider|alt_u_div_m0f:divider|StageOut[22]~2  ; out0             ;
; |pipe_generator|lpm_divide:Mod0|lpm_divide_46m:auto_generated|sign_div_unsign_9kh:divider|alt_u_div_m0f:divider|StageOut[21]~3  ; |pipe_generator|lpm_divide:Mod0|lpm_divide_46m:auto_generated|sign_div_unsign_9kh:divider|alt_u_div_m0f:divider|StageOut[21]~3  ; out0             ;
; |pipe_generator|lpm_divide:Mod0|lpm_divide_46m:auto_generated|sign_div_unsign_9kh:divider|alt_u_div_m0f:divider|StageOut[20]~4  ; |pipe_generator|lpm_divide:Mod0|lpm_divide_46m:auto_generated|sign_div_unsign_9kh:divider|alt_u_div_m0f:divider|StageOut[20]~4  ; out0             ;
; |pipe_generator|lpm_divide:Mod0|lpm_divide_46m:auto_generated|sign_div_unsign_9kh:divider|alt_u_div_m0f:divider|StageOut[23]~6  ; |pipe_generator|lpm_divide:Mod0|lpm_divide_46m:auto_generated|sign_div_unsign_9kh:divider|alt_u_div_m0f:divider|StageOut[23]~6  ; out0             ;
; |pipe_generator|lpm_divide:Mod0|lpm_divide_46m:auto_generated|sign_div_unsign_9kh:divider|alt_u_div_m0f:divider|StageOut[22]~7  ; |pipe_generator|lpm_divide:Mod0|lpm_divide_46m:auto_generated|sign_div_unsign_9kh:divider|alt_u_div_m0f:divider|StageOut[22]~7  ; out0             ;
; |pipe_generator|lpm_divide:Mod0|lpm_divide_46m:auto_generated|sign_div_unsign_9kh:divider|alt_u_div_m0f:divider|StageOut[21]~8  ; |pipe_generator|lpm_divide:Mod0|lpm_divide_46m:auto_generated|sign_div_unsign_9kh:divider|alt_u_div_m0f:divider|StageOut[21]~8  ; out0             ;
; |pipe_generator|lpm_divide:Mod0|lpm_divide_46m:auto_generated|sign_div_unsign_9kh:divider|alt_u_div_m0f:divider|StageOut[20]~9  ; |pipe_generator|lpm_divide:Mod0|lpm_divide_46m:auto_generated|sign_div_unsign_9kh:divider|alt_u_div_m0f:divider|StageOut[20]~9  ; out0             ;
; |pipe_generator|lpm_divide:Mod0|lpm_divide_46m:auto_generated|sign_div_unsign_9kh:divider|alt_u_div_m0f:divider|StageOut[23]    ; |pipe_generator|lpm_divide:Mod0|lpm_divide_46m:auto_generated|sign_div_unsign_9kh:divider|alt_u_div_m0f:divider|StageOut[23]    ; out0             ;
; |pipe_generator|lpm_divide:Mod0|lpm_divide_46m:auto_generated|sign_div_unsign_9kh:divider|alt_u_div_m0f:divider|StageOut[22]    ; |pipe_generator|lpm_divide:Mod0|lpm_divide_46m:auto_generated|sign_div_unsign_9kh:divider|alt_u_div_m0f:divider|StageOut[22]    ; out0             ;
; |pipe_generator|lpm_divide:Mod0|lpm_divide_46m:auto_generated|sign_div_unsign_9kh:divider|alt_u_div_m0f:divider|StageOut[21]    ; |pipe_generator|lpm_divide:Mod0|lpm_divide_46m:auto_generated|sign_div_unsign_9kh:divider|alt_u_div_m0f:divider|StageOut[21]    ; out0             ;
; |pipe_generator|lpm_divide:Mod0|lpm_divide_46m:auto_generated|sign_div_unsign_9kh:divider|alt_u_div_m0f:divider|StageOut[20]    ; |pipe_generator|lpm_divide:Mod0|lpm_divide_46m:auto_generated|sign_div_unsign_9kh:divider|alt_u_div_m0f:divider|StageOut[20]    ; out0             ;
; |pipe_generator|lpm_divide:Mod0|lpm_divide_46m:auto_generated|sign_div_unsign_9kh:divider|alt_u_div_m0f:divider|StageOut[18]~11 ; |pipe_generator|lpm_divide:Mod0|lpm_divide_46m:auto_generated|sign_div_unsign_9kh:divider|alt_u_div_m0f:divider|StageOut[18]~11 ; out0             ;
; |pipe_generator|lpm_divide:Mod0|lpm_divide_46m:auto_generated|sign_div_unsign_9kh:divider|alt_u_div_m0f:divider|StageOut[17]~12 ; |pipe_generator|lpm_divide:Mod0|lpm_divide_46m:auto_generated|sign_div_unsign_9kh:divider|alt_u_div_m0f:divider|StageOut[17]~12 ; out0             ;
; |pipe_generator|lpm_divide:Mod0|lpm_divide_46m:auto_generated|sign_div_unsign_9kh:divider|alt_u_div_m0f:divider|StageOut[16]~13 ; |pipe_generator|lpm_divide:Mod0|lpm_divide_46m:auto_generated|sign_div_unsign_9kh:divider|alt_u_div_m0f:divider|StageOut[16]~13 ; out0             ;
; |pipe_generator|lpm_divide:Mod0|lpm_divide_46m:auto_generated|sign_div_unsign_9kh:divider|alt_u_div_m0f:divider|StageOut[15]~14 ; |pipe_generator|lpm_divide:Mod0|lpm_divide_46m:auto_generated|sign_div_unsign_9kh:divider|alt_u_div_m0f:divider|StageOut[15]~14 ; out0             ;
; |pipe_generator|lpm_divide:Mod0|lpm_divide_46m:auto_generated|sign_div_unsign_9kh:divider|alt_u_div_m0f:divider|StageOut[18]    ; |pipe_generator|lpm_divide:Mod0|lpm_divide_46m:auto_generated|sign_div_unsign_9kh:divider|alt_u_div_m0f:divider|StageOut[18]    ; out0             ;
; |pipe_generator|lpm_divide:Mod0|lpm_divide_46m:auto_generated|sign_div_unsign_9kh:divider|alt_u_div_m0f:divider|StageOut[17]    ; |pipe_generator|lpm_divide:Mod0|lpm_divide_46m:auto_generated|sign_div_unsign_9kh:divider|alt_u_div_m0f:divider|StageOut[17]    ; out0             ;
; |pipe_generator|lpm_divide:Mod0|lpm_divide_46m:auto_generated|sign_div_unsign_9kh:divider|alt_u_div_m0f:divider|StageOut[16]    ; |pipe_generator|lpm_divide:Mod0|lpm_divide_46m:auto_generated|sign_div_unsign_9kh:divider|alt_u_div_m0f:divider|StageOut[16]    ; out0             ;
; |pipe_generator|lpm_divide:Mod0|lpm_divide_46m:auto_generated|sign_div_unsign_9kh:divider|alt_u_div_m0f:divider|StageOut[15]    ; |pipe_generator|lpm_divide:Mod0|lpm_divide_46m:auto_generated|sign_div_unsign_9kh:divider|alt_u_div_m0f:divider|StageOut[15]    ; out0             ;
; |pipe_generator|lpm_divide:Mod0|lpm_divide_46m:auto_generated|sign_div_unsign_9kh:divider|alt_u_div_m0f:divider|op_4~0          ; |pipe_generator|lpm_divide:Mod0|lpm_divide_46m:auto_generated|sign_div_unsign_9kh:divider|alt_u_div_m0f:divider|op_4~0          ; out0             ;
; |pipe_generator|lpm_divide:Mod0|lpm_divide_46m:auto_generated|sign_div_unsign_9kh:divider|alt_u_div_m0f:divider|op_4~2          ; |pipe_generator|lpm_divide:Mod0|lpm_divide_46m:auto_generated|sign_div_unsign_9kh:divider|alt_u_div_m0f:divider|op_4~2          ; out0             ;
; |pipe_generator|lpm_divide:Mod0|lpm_divide_46m:auto_generated|sign_div_unsign_9kh:divider|alt_u_div_m0f:divider|op_4~3          ; |pipe_generator|lpm_divide:Mod0|lpm_divide_46m:auto_generated|sign_div_unsign_9kh:divider|alt_u_div_m0f:divider|op_4~3          ; out0             ;
; |pipe_generator|lpm_divide:Mod0|lpm_divide_46m:auto_generated|sign_div_unsign_9kh:divider|alt_u_div_m0f:divider|op_4~4          ; |pipe_generator|lpm_divide:Mod0|lpm_divide_46m:auto_generated|sign_div_unsign_9kh:divider|alt_u_div_m0f:divider|op_4~4          ; out0             ;
; |pipe_generator|lpm_divide:Mod0|lpm_divide_46m:auto_generated|sign_div_unsign_9kh:divider|alt_u_div_m0f:divider|op_4~5          ; |pipe_generator|lpm_divide:Mod0|lpm_divide_46m:auto_generated|sign_div_unsign_9kh:divider|alt_u_div_m0f:divider|op_4~5          ; out0             ;
; |pipe_generator|lpm_divide:Mod0|lpm_divide_46m:auto_generated|sign_div_unsign_9kh:divider|alt_u_div_m0f:divider|op_5~0          ; |pipe_generator|lpm_divide:Mod0|lpm_divide_46m:auto_generated|sign_div_unsign_9kh:divider|alt_u_div_m0f:divider|op_5~0          ; out0             ;
; |pipe_generator|lpm_divide:Mod0|lpm_divide_46m:auto_generated|sign_div_unsign_9kh:divider|alt_u_div_m0f:divider|op_5~1          ; |pipe_generator|lpm_divide:Mod0|lpm_divide_46m:auto_generated|sign_div_unsign_9kh:divider|alt_u_div_m0f:divider|op_5~1          ; out0             ;
; |pipe_generator|lpm_divide:Mod0|lpm_divide_46m:auto_generated|sign_div_unsign_9kh:divider|alt_u_div_m0f:divider|op_5~2          ; |pipe_generator|lpm_divide:Mod0|lpm_divide_46m:auto_generated|sign_div_unsign_9kh:divider|alt_u_div_m0f:divider|op_5~2          ; out0             ;
; |pipe_generator|lpm_divide:Mod0|lpm_divide_46m:auto_generated|sign_div_unsign_9kh:divider|alt_u_div_m0f:divider|op_5~3          ; |pipe_generator|lpm_divide:Mod0|lpm_divide_46m:auto_generated|sign_div_unsign_9kh:divider|alt_u_div_m0f:divider|op_5~3          ; out0             ;
; |pipe_generator|lpm_divide:Mod0|lpm_divide_46m:auto_generated|sign_div_unsign_9kh:divider|alt_u_div_m0f:divider|op_5~4          ; |pipe_generator|lpm_divide:Mod0|lpm_divide_46m:auto_generated|sign_div_unsign_9kh:divider|alt_u_div_m0f:divider|op_5~4          ; out0             ;
; |pipe_generator|lpm_divide:Mod0|lpm_divide_46m:auto_generated|sign_div_unsign_9kh:divider|alt_u_div_m0f:divider|op_5~5          ; |pipe_generator|lpm_divide:Mod0|lpm_divide_46m:auto_generated|sign_div_unsign_9kh:divider|alt_u_div_m0f:divider|op_5~5          ; out0             ;
; |pipe_generator|lpm_divide:Mod0|lpm_divide_46m:auto_generated|sign_div_unsign_9kh:divider|alt_u_div_m0f:divider|op_5~6          ; |pipe_generator|lpm_divide:Mod0|lpm_divide_46m:auto_generated|sign_div_unsign_9kh:divider|alt_u_div_m0f:divider|op_5~6          ; out0             ;
; |pipe_generator|lpm_divide:Mod0|lpm_divide_46m:auto_generated|sign_div_unsign_9kh:divider|alt_u_div_m0f:divider|op_5~7          ; |pipe_generator|lpm_divide:Mod0|lpm_divide_46m:auto_generated|sign_div_unsign_9kh:divider|alt_u_div_m0f:divider|op_5~7          ; out0             ;
+---------------------------------------------------------------------------------------------------------------------------------+---------------------------------------------------------------------------------------------------------------------------------+------------------+


The following table displays output ports that do not toggle to 1 during simulation.
+--------------------------------------------------------------------------------------------------------------------------------------------------------------------------------------------------------------------------------------------------------------------------------------+
; Missing 1-Value Coverage                                                                                                                                                                                                                                                             ;
+---------------------------------------------------------------------------------------------------------------------------------+---------------------------------------------------------------------------------------------------------------------------------+------------------+
; Node Name                                                                                                                       ; Output Port Name                                                                                                                ; Output Port Type ;
+---------------------------------------------------------------------------------------------------------------------------------+---------------------------------------------------------------------------------------------------------------------------------+------------------+
; |pipe_generator|pipes~0                                                                                                         ; |pipe_generator|pipes~0                                                                                                         ; out              ;
; |pipe_generator|pipes~1                                                                                                         ; |pipe_generator|pipes~1                                                                                                         ; out              ;
; |pipe_generator|pipes~7                                                                                                         ; |pipe_generator|pipes~7                                                                                                         ; out              ;
; |pipe_generator|pipes~10                                                                                                        ; |pipe_generator|pipes~10                                                                                                        ; out              ;
; |pipe_generator|pipes~11                                                                                                        ; |pipe_generator|pipes~11                                                                                                        ; out              ;
; |pipe_generator|pipes~12                                                                                                        ; |pipe_generator|pipes~12                                                                                                        ; out              ;
; |pipe_generator|pipes~13                                                                                                        ; |pipe_generator|pipes~13                                                                                                        ; out              ;
; |pipe_generator|pipes~14                                                                                                        ; |pipe_generator|pipes~14                                                                                                        ; out              ;
; |pipe_generator|pipes~15                                                                                                        ; |pipe_generator|pipes~15                                                                                                        ; out              ;
; |pipe_generator|pipes~16                                                                                                        ; |pipe_generator|pipes~16                                                                                                        ; out              ;
; |pipe_generator|pipes~26                                                                                                        ; |pipe_generator|pipes~26                                                                                                        ; out              ;
; |pipe_generator|pipes~27                                                                                                        ; |pipe_generator|pipes~27                                                                                                        ; out              ;
; |pipe_generator|pipes~29                                                                                                        ; |pipe_generator|pipes~29                                                                                                        ; out              ;
; |pipe_generator|pipes~30                                                                                                        ; |pipe_generator|pipes~30                                                                                                        ; out              ;
; |pipe_generator|pipes~31                                                                                                        ; |pipe_generator|pipes~31                                                                                                        ; out              ;
; |pipe_generator|pipes~42                                                                                                        ; |pipe_generator|pipes~42                                                                                                        ; out              ;
; |pipe_generator|pipes~45                                                                                                        ; |pipe_generator|pipes~45                                                                                                        ; out              ;
; |pipe_generator|pipes~47                                                                                                        ; |pipe_generator|pipes~47                                                                                                        ; out              ;
; |pipe_generator|reset                                                                                                           ; |pipe_generator|reset                                                                                                           ; out              ;
; |pipe_generator|pipe_pos[0]                                                                                                     ; |pipe_generator|pipe_pos[0]                                                                                                     ; pin_out          ;
; |pipe_generator|pipe_pos[2]                                                                                                     ; |pipe_generator|pipe_pos[2]                                                                                                     ; pin_out          ;
; |pipe_generator|pipe_pos[5]                                                                                                     ; |pipe_generator|pipe_pos[5]                                                                                                     ; pin_out          ;
; |pipe_generator|Decoder0~0                                                                                                      ; |pipe_generator|Decoder0~0                                                                                                      ; out0             ;
; |pipe_generator|Decoder0~1                                                                                                      ; |pipe_generator|Decoder0~1                                                                                                      ; out0             ;
; |pipe_generator|Decoder0~3                                                                                                      ; |pipe_generator|Decoder0~3                                                                                                      ; out0             ;
; |pipe_generator|Decoder0~4                                                                                                      ; |pipe_generator|Decoder0~4                                                                                                      ; out0             ;
; |pipe_generator|Decoder0~5                                                                                                      ; |pipe_generator|Decoder0~5                                                                                                      ; out0             ;
; |pipe_generator|Decoder0~6                                                                                                      ; |pipe_generator|Decoder0~6                                                                                                      ; out0             ;
; |pipe_generator|Decoder0~7                                                                                                      ; |pipe_generator|Decoder0~7                                                                                                      ; out0             ;
; |pipe_generator|Decoder0~8                                                                                                      ; |pipe_generator|Decoder0~8                                                                                                      ; out0             ;
; |pipe_generator|Decoder0~10                                                                                                     ; |pipe_generator|Decoder0~10                                                                                                     ; out0             ;
; |pipe_generator|Decoder0~11                                                                                                     ; |pipe_generator|Decoder0~11                                                                                                     ; out0             ;
; |pipe_generator|Decoder0~13                                                                                                     ; |pipe_generator|Decoder0~13                                                                                                     ; out0             ;
; |pipe_generator|Decoder0~14                                                                                                     ; |pipe_generator|Decoder0~14                                                                                                     ; out0             ;
; |pipe_generator|Decoder0~15                                                                                                     ; |pipe_generator|Decoder0~15                                                                                                     ; out0             ;
; |pipe_generator|Decoder1~0                                                                                                      ; |pipe_generator|Decoder1~0                                                                                                      ; out0             ;
; |pipe_generator|Decoder1~1                                                                                                      ; |pipe_generator|Decoder1~1                                                                                                      ; out0             ;
; |pipe_generator|Decoder1~2                                                                                                      ; |pipe_generator|Decoder1~2                                                                                                      ; out0             ;
; |pipe_generator|Decoder1~4                                                                                                      ; |pipe_generator|Decoder1~4                                                                                                      ; out0             ;
; |pipe_generator|Decoder1~5                                                                                                      ; |pipe_generator|Decoder1~5                                                                                                      ; out0             ;
; |pipe_generator|Decoder1~7                                                                                                      ; |pipe_generator|Decoder1~7                                                                                                      ; out0             ;
; |pipe_generator|Decoder1~8                                                                                                      ; |pipe_generator|Decoder1~8                                                                                                      ; out0             ;
; |pipe_generator|Decoder1~9                                                                                                      ; |pipe_generator|Decoder1~9                                                                                                      ; out0             ;
; |pipe_generator|Decoder1~12                                                                                                     ; |pipe_generator|Decoder1~12                                                                                                     ; out0             ;
; |pipe_generator|Decoder1~14                                                                                                     ; |pipe_generator|Decoder1~14                                                                                                     ; out0             ;
; |pipe_generator|Decoder1~15                                                                                                     ; |pipe_generator|Decoder1~15                                                                                                     ; out0             ;
; |pipe_generator|Decoder2~0                                                                                                      ; |pipe_generator|Decoder2~0                                                                                                      ; out0             ;
; |pipe_generator|Decoder2~1                                                                                                      ; |pipe_generator|Decoder2~1                                                                                                      ; out0             ;
; |pipe_generator|Decoder2~2                                                                                                      ; |pipe_generator|Decoder2~2                                                                                                      ; out0             ;
; |pipe_generator|Decoder2~5                                                                                                      ; |pipe_generator|Decoder2~5                                                                                                      ; out0             ;
; |pipe_generator|Decoder2~6                                                                                                      ; |pipe_generator|Decoder2~6                                                                                                      ; out0             ;
; |pipe_generator|Decoder2~7                                                                                                      ; |pipe_generator|Decoder2~7                                                                                                      ; out0             ;
; |pipe_generator|Decoder2~8                                                                                                      ; |pipe_generator|Decoder2~8                                                                                                      ; out0             ;
; |pipe_generator|Decoder2~9                                                                                                      ; |pipe_generator|Decoder2~9                                                                                                      ; out0             ;
; |pipe_generator|Decoder2~12                                                                                                     ; |pipe_generator|Decoder2~12                                                                                                     ; out0             ;
; |pipe_generator|Decoder2~13                                                                                                     ; |pipe_generator|Decoder2~13                                                                                                     ; out0             ;
; |pipe_generator|Decoder2~15                                                                                                     ; |pipe_generator|Decoder2~15                                                                                                     ; out0             ;
; |pipe_generator|Decoder3~0                                                                                                      ; |pipe_generator|Decoder3~0                                                                                                      ; out0             ;
; |pipe_generator|Decoder3~2                                                                                                      ; |pipe_generator|Decoder3~2                                                                                                      ; out0             ;
; |pipe_generator|Decoder3~3                                                                                                      ; |pipe_generator|Decoder3~3                                                                                                      ; out0             ;
; |pipe_generator|Decoder3~6                                                                                                      ; |pipe_generator|Decoder3~6                                                                                                      ; out0             ;
; |pipe_generator|Decoder3~7                                                                                                      ; |pipe_generator|Decoder3~7                                                                                                      ; out0             ;
; |pipe_generator|Decoder3~9                                                                                                      ; |pipe_generator|Decoder3~9                                                                                                      ; out0             ;
; |pipe_generator|Decoder3~10                                                                                                     ; |pipe_generator|Decoder3~10                                                                                                     ; out0             ;
; |pipe_generator|Decoder3~11                                                                                                     ; |pipe_generator|Decoder3~11                                                                                                     ; out0             ;
; |pipe_generator|Decoder3~14                                                                                                     ; |pipe_generator|Decoder3~14                                                                                                     ; out0             ;
; |pipe_generator|Add1~1                                                                                                          ; |pipe_generator|Add1~1                                                                                                          ; out0             ;
; |pipe_generator|Add1~3                                                                                                          ; |pipe_generator|Add1~3                                                                                                          ; out0             ;
; |pipe_generator|Add2~1                                                                                                          ; |pipe_generator|Add2~1                                                                                                          ; out0             ;
; |pipe_generator|Add3~2                                                                                                          ; |pipe_generator|Add3~2                                                                                                          ; out0             ;
; |pipe_generator|Add3~4                                                                                                          ; |pipe_generator|Add3~4                                                                                                          ; out0             ;
; |pipe_generator|lpm_divide:Mod0|lpm_divide_46m:auto_generated|sign_div_unsign_9kh:divider|alt_u_div_m0f:divider|StageOut[18]~16 ; |pipe_generator|lpm_divide:Mod0|lpm_divide_46m:auto_generated|sign_div_unsign_9kh:divider|alt_u_div_m0f:divider|StageOut[18]~16 ; out0             ;
; |pipe_generator|lpm_divide:Mod0|lpm_divide_46m:auto_generated|sign_div_unsign_9kh:divider|alt_u_div_m0f:divider|StageOut[17]~17 ; |pipe_generator|lpm_divide:Mod0|lpm_divide_46m:auto_generated|sign_div_unsign_9kh:divider|alt_u_div_m0f:divider|StageOut[17]~17 ; out0             ;
; |pipe_generator|lpm_divide:Mod0|lpm_divide_46m:auto_generated|sign_div_unsign_9kh:divider|alt_u_div_m0f:divider|StageOut[16]~18 ; |pipe_generator|lpm_divide:Mod0|lpm_divide_46m:auto_generated|sign_div_unsign_9kh:divider|alt_u_div_m0f:divider|StageOut[16]~18 ; out0             ;
; |pipe_generator|lpm_divide:Mod0|lpm_divide_46m:auto_generated|sign_div_unsign_9kh:divider|alt_u_div_m0f:divider|StageOut[15]~19 ; |pipe_generator|lpm_divide:Mod0|lpm_divide_46m:auto_generated|sign_div_unsign_9kh:divider|alt_u_div_m0f:divider|StageOut[15]~19 ; out0             ;
; |pipe_generator|lpm_divide:Mod0|lpm_divide_46m:auto_generated|sign_div_unsign_9kh:divider|alt_u_div_m0f:divider|op_4~6          ; |pipe_generator|lpm_divide:Mod0|lpm_divide_46m:auto_generated|sign_div_unsign_9kh:divider|alt_u_div_m0f:divider|op_4~6          ; out0             ;
; |pipe_generator|lpm_divide:Mod0|lpm_divide_46m:auto_generated|sign_div_unsign_9kh:divider|alt_u_div_m0f:divider|op_5~8          ; |pipe_generator|lpm_divide:Mod0|lpm_divide_46m:auto_generated|sign_div_unsign_9kh:divider|alt_u_div_m0f:divider|op_5~8          ; out0             ;
+---------------------------------------------------------------------------------------------------------------------------------+---------------------------------------------------------------------------------------------------------------------------------+------------------+


The following table displays output ports that do not toggle to 0 during simulation.
+--------------------------------------------------------------------------------------------------------------------------------------------------------------------------------------------------------------------------------------------------------------------------------------+
; Missing 0-Value Coverage                                                                                                                                                                                                                                                             ;
+---------------------------------------------------------------------------------------------------------------------------------+---------------------------------------------------------------------------------------------------------------------------------+------------------+
; Node Name                                                                                                                       ; Output Port Name                                                                                                                ; Output Port Type ;
+---------------------------------------------------------------------------------------------------------------------------------+---------------------------------------------------------------------------------------------------------------------------------+------------------+
; |pipe_generator|pipes~0                                                                                                         ; |pipe_generator|pipes~0                                                                                                         ; out              ;
; |pipe_generator|pipes~1                                                                                                         ; |pipe_generator|pipes~1                                                                                                         ; out              ;
; |pipe_generator|pipes~7                                                                                                         ; |pipe_generator|pipes~7                                                                                                         ; out              ;
; |pipe_generator|pipes~8                                                                                                         ; |pipe_generator|pipes~8                                                                                                         ; out              ;
; |pipe_generator|pipes~9                                                                                                         ; |pipe_generator|pipes~9                                                                                                         ; out              ;
; |pipe_generator|pipes~10                                                                                                        ; |pipe_generator|pipes~10                                                                                                        ; out              ;
; |pipe_generator|pipes~11                                                                                                        ; |pipe_generator|pipes~11                                                                                                        ; out              ;
; |pipe_generator|pipes~14                                                                                                        ; |pipe_generator|pipes~14                                                                                                        ; out              ;
; |pipe_generator|pipes~15                                                                                                        ; |pipe_generator|pipes~15                                                                                                        ; out              ;
; |pipe_generator|pipes~16                                                                                                        ; |pipe_generator|pipes~16                                                                                                        ; out              ;
; |pipe_generator|pipes~23                                                                                                        ; |pipe_generator|pipes~23                                                                                                        ; out              ;
; |pipe_generator|pipes~24                                                                                                        ; |pipe_generator|pipes~24                                                                                                        ; out              ;
; |pipe_generator|pipes~25                                                                                                        ; |pipe_generator|pipes~25                                                                                                        ; out              ;
; |pipe_generator|pipes~26                                                                                                        ; |pipe_generator|pipes~26                                                                                                        ; out              ;
; |pipe_generator|pipes~30                                                                                                        ; |pipe_generator|pipes~30                                                                                                        ; out              ;
; |pipe_generator|pipes~31                                                                                                        ; |pipe_generator|pipes~31                                                                                                        ; out              ;
; |pipe_generator|pipes~39                                                                                                        ; |pipe_generator|pipes~39                                                                                                        ; out              ;
; |pipe_generator|pipes~40                                                                                                        ; |pipe_generator|pipes~40                                                                                                        ; out              ;
; |pipe_generator|pipes~41                                                                                                        ; |pipe_generator|pipes~41                                                                                                        ; out              ;
; |pipe_generator|pipes~47                                                                                                        ; |pipe_generator|pipes~47                                                                                                        ; out              ;
; |pipe_generator|reset                                                                                                           ; |pipe_generator|reset                                                                                                           ; out              ;
; |pipe_generator|pipe_pos[0]                                                                                                     ; |pipe_generator|pipe_pos[0]                                                                                                     ; pin_out          ;
; |pipe_generator|pipe_pos[6]                                                                                                     ; |pipe_generator|pipe_pos[6]                                                                                                     ; pin_out          ;
; |pipe_generator|pipe_pos[7]                                                                                                     ; |pipe_generator|pipe_pos[7]                                                                                                     ; pin_out          ;
; |pipe_generator|pipe_pos[8]                                                                                                     ; |pipe_generator|pipe_pos[8]                                                                                                     ; pin_out          ;
; |pipe_generator|Decoder0~0                                                                                                      ; |pipe_generator|Decoder0~0                                                                                                      ; out0             ;
; |pipe_generator|Decoder0~1                                                                                                      ; |pipe_generator|Decoder0~1                                                                                                      ; out0             ;
; |pipe_generator|Decoder0~2                                                                                                      ; |pipe_generator|Decoder0~2                                                                                                      ; out0             ;
; |pipe_generator|Decoder0~3                                                                                                      ; |pipe_generator|Decoder0~3                                                                                                      ; out0             ;
; |pipe_generator|Decoder0~4                                                                                                      ; |pipe_generator|Decoder0~4                                                                                                      ; out0             ;
; |pipe_generator|Decoder0~5                                                                                                      ; |pipe_generator|Decoder0~5                                                                                                      ; out0             ;
; |pipe_generator|Decoder0~7                                                                                                      ; |pipe_generator|Decoder0~7                                                                                                      ; out0             ;
; |pipe_generator|Decoder0~8                                                                                                      ; |pipe_generator|Decoder0~8                                                                                                      ; out0             ;
; |pipe_generator|Decoder0~10                                                                                                     ; |pipe_generator|Decoder0~10                                                                                                     ; out0             ;
; |pipe_generator|Decoder0~11                                                                                                     ; |pipe_generator|Decoder0~11                                                                                                     ; out0             ;
; |pipe_generator|Decoder0~13                                                                                                     ; |pipe_generator|Decoder0~13                                                                                                     ; out0             ;
; |pipe_generator|Decoder0~14                                                                                                     ; |pipe_generator|Decoder0~14                                                                                                     ; out0             ;
; |pipe_generator|Decoder0~15                                                                                                     ; |pipe_generator|Decoder0~15                                                                                                     ; out0             ;
; |pipe_generator|Decoder1~0                                                                                                      ; |pipe_generator|Decoder1~0                                                                                                      ; out0             ;
; |pipe_generator|Decoder1~1                                                                                                      ; |pipe_generator|Decoder1~1                                                                                                      ; out0             ;
; |pipe_generator|Decoder1~2                                                                                                      ; |pipe_generator|Decoder1~2                                                                                                      ; out0             ;
; |pipe_generator|Decoder1~3                                                                                                      ; |pipe_generator|Decoder1~3                                                                                                      ; out0             ;
; |pipe_generator|Decoder1~4                                                                                                      ; |pipe_generator|Decoder1~4                                                                                                      ; out0             ;
; |pipe_generator|Decoder1~5                                                                                                      ; |pipe_generator|Decoder1~5                                                                                                      ; out0             ;
; |pipe_generator|Decoder1~8                                                                                                      ; |pipe_generator|Decoder1~8                                                                                                      ; out0             ;
; |pipe_generator|Decoder1~9                                                                                                      ; |pipe_generator|Decoder1~9                                                                                                      ; out0             ;
; |pipe_generator|Decoder1~12                                                                                                     ; |pipe_generator|Decoder1~12                                                                                                     ; out0             ;
; |pipe_generator|Decoder1~14                                                                                                     ; |pipe_generator|Decoder1~14                                                                                                     ; out0             ;
; |pipe_generator|Decoder1~15                                                                                                     ; |pipe_generator|Decoder1~15                                                                                                     ; out0             ;
; |pipe_generator|Decoder2~0                                                                                                      ; |pipe_generator|Decoder2~0                                                                                                      ; out0             ;
; |pipe_generator|Decoder2~1                                                                                                      ; |pipe_generator|Decoder2~1                                                                                                      ; out0             ;
; |pipe_generator|Decoder2~2                                                                                                      ; |pipe_generator|Decoder2~2                                                                                                      ; out0             ;
; |pipe_generator|Decoder2~4                                                                                                      ; |pipe_generator|Decoder2~4                                                                                                      ; out0             ;
; |pipe_generator|Decoder2~5                                                                                                      ; |pipe_generator|Decoder2~5                                                                                                      ; out0             ;
; |pipe_generator|Decoder2~6                                                                                                      ; |pipe_generator|Decoder2~6                                                                                                      ; out0             ;
; |pipe_generator|Decoder2~7                                                                                                      ; |pipe_generator|Decoder2~7                                                                                                      ; out0             ;
; |pipe_generator|Decoder2~9                                                                                                      ; |pipe_generator|Decoder2~9                                                                                                      ; out0             ;
; |pipe_generator|Decoder2~12                                                                                                     ; |pipe_generator|Decoder2~12                                                                                                     ; out0             ;
; |pipe_generator|Decoder2~13                                                                                                     ; |pipe_generator|Decoder2~13                                                                                                     ; out0             ;
; |pipe_generator|Decoder2~15                                                                                                     ; |pipe_generator|Decoder2~15                                                                                                     ; out0             ;
; |pipe_generator|Decoder3~0                                                                                                      ; |pipe_generator|Decoder3~0                                                                                                      ; out0             ;
; |pipe_generator|Decoder3~2                                                                                                      ; |pipe_generator|Decoder3~2                                                                                                      ; out0             ;
; |pipe_generator|Decoder3~3                                                                                                      ; |pipe_generator|Decoder3~3                                                                                                      ; out0             ;
; |pipe_generator|Decoder3~5                                                                                                      ; |pipe_generator|Decoder3~5                                                                                                      ; out0             ;
; |pipe_generator|Decoder3~6                                                                                                      ; |pipe_generator|Decoder3~6                                                                                                      ; out0             ;
; |pipe_generator|Decoder3~7                                                                                                      ; |pipe_generator|Decoder3~7                                                                                                      ; out0             ;
; |pipe_generator|Decoder3~10                                                                                                     ; |pipe_generator|Decoder3~10                                                                                                     ; out0             ;
; |pipe_generator|Decoder3~11                                                                                                     ; |pipe_generator|Decoder3~11                                                                                                     ; out0             ;
; |pipe_generator|Decoder3~14                                                                                                     ; |pipe_generator|Decoder3~14                                                                                                     ; out0             ;
; |pipe_generator|Add1~1                                                                                                          ; |pipe_generator|Add1~1                                                                                                          ; out0             ;
; |pipe_generator|Add1~3                                                                                                          ; |pipe_generator|Add1~3                                                                                                          ; out0             ;
; |pipe_generator|Add2~0                                                                                                          ; |pipe_generator|Add2~0                                                                                                          ; out0             ;
; |pipe_generator|Add3~2                                                                                                          ; |pipe_generator|Add3~2                                                                                                          ; out0             ;
; |pipe_generator|lpm_divide:Mod0|lpm_divide_46m:auto_generated|sign_div_unsign_9kh:divider|alt_u_div_m0f:divider|StageOut[18]~16 ; |pipe_generator|lpm_divide:Mod0|lpm_divide_46m:auto_generated|sign_div_unsign_9kh:divider|alt_u_div_m0f:divider|StageOut[18]~16 ; out0             ;
; |pipe_generator|lpm_divide:Mod0|lpm_divide_46m:auto_generated|sign_div_unsign_9kh:divider|alt_u_div_m0f:divider|StageOut[17]~17 ; |pipe_generator|lpm_divide:Mod0|lpm_divide_46m:auto_generated|sign_div_unsign_9kh:divider|alt_u_div_m0f:divider|StageOut[17]~17 ; out0             ;
; |pipe_generator|lpm_divide:Mod0|lpm_divide_46m:auto_generated|sign_div_unsign_9kh:divider|alt_u_div_m0f:divider|StageOut[16]~18 ; |pipe_generator|lpm_divide:Mod0|lpm_divide_46m:auto_generated|sign_div_unsign_9kh:divider|alt_u_div_m0f:divider|StageOut[16]~18 ; out0             ;
; |pipe_generator|lpm_divide:Mod0|lpm_divide_46m:auto_generated|sign_div_unsign_9kh:divider|alt_u_div_m0f:divider|StageOut[15]~19 ; |pipe_generator|lpm_divide:Mod0|lpm_divide_46m:auto_generated|sign_div_unsign_9kh:divider|alt_u_div_m0f:divider|StageOut[15]~19 ; out0             ;
; |pipe_generator|lpm_divide:Mod0|lpm_divide_46m:auto_generated|sign_div_unsign_9kh:divider|alt_u_div_m0f:divider|op_4~1          ; |pipe_generator|lpm_divide:Mod0|lpm_divide_46m:auto_generated|sign_div_unsign_9kh:divider|alt_u_div_m0f:divider|op_4~1          ; out0             ;
; |pipe_generator|lpm_divide:Mod0|lpm_divide_46m:auto_generated|sign_div_unsign_9kh:divider|alt_u_div_m0f:divider|op_4~6          ; |pipe_generator|lpm_divide:Mod0|lpm_divide_46m:auto_generated|sign_div_unsign_9kh:divider|alt_u_div_m0f:divider|op_4~6          ; out0             ;
; |pipe_generator|lpm_divide:Mod0|lpm_divide_46m:auto_generated|sign_div_unsign_9kh:divider|alt_u_div_m0f:divider|op_5~8          ; |pipe_generator|lpm_divide:Mod0|lpm_divide_46m:auto_generated|sign_div_unsign_9kh:divider|alt_u_div_m0f:divider|op_5~8          ; out0             ;
+---------------------------------------------------------------------------------------------------------------------------------+---------------------------------------------------------------------------------------------------------------------------------+------------------+


+---------------------+
; Simulator INI Usage ;
+--------+------------+
; Option ; Usage      ;
+--------+------------+


+--------------------+
; Simulator Messages ;
+--------------------+
Info: *******************************************************************
Info: Running Quartus II Simulator
    Info: Version 9.1 Build 350 03/24/2010 Service Pack 2 SJ Web Edition
    Info: Processing started: Thu May 30 21:07:13 2024
Info: Command: quartus_sim --read_settings_files=on --write_settings_files=off FlappyBirds -c FlappyBirds
Info: Using vector source file "C:/users/thisiselijah/Desktop/VHDL/FlappyBirds/FlappyBirds.vwf"
Info: Option to preserve fewer signal transitions to reduce memory requirements is enabled
    Info: Simulation has been partitioned into sub-simulations according to the maximum transition count determined by the engine. Transitions from memory will be flushed out to disk at the end of each sub-simulation to reduce memory requirements.
Info: Simulation partitioned into 1 sub-simulations
Info: Simulation coverage is      55.24 %
Info: Number of transitions in simulation is 1206
Info: Quartus II Simulator was successful. 0 errors, 0 warnings
    Info: Peak virtual memory: 94 megabytes
    Info: Processing ended: Thu May 30 21:07:13 2024
    Info: Elapsed time: 00:00:00
    Info: Total CPU time (on all processors): 00:00:00


