Classic Timing Analyzer report for Q4
Sun Apr 14 16:48:43 2024
Quartus II Version 9.1 Build 350 03/24/2010 Service Pack 2 SJ Web Edition


---------------------
; Table of Contents ;
---------------------
  1. Legal Notice
  2. Timing Analyzer Summary
  3. Timing Analyzer Settings
  4. Parallel Compilation
  5. tpd
  6. Timing Analyzer Messages



----------------
; Legal Notice ;
----------------
Copyright (C) 1991-2010 Altera Corporation
Your use of Altera Corporation's design tools, logic functions 
and other software and tools, and its AMPP partner logic 
functions, and any output files from any of the foregoing 
(including device programming or simulation files), and any 
associated documentation or information are expressly subject 
to the terms and conditions of the Altera Program License 
Subscription Agreement, Altera MegaCore Function License 
Agreement, or other applicable license agreement, including, 
without limitation, that your use is for the sole purpose of 
programming logic devices manufactured by Altera and sold by 
Altera or its authorized distributors.  Please refer to the 
applicable agreement for further details.



+---------------------------------------------------------------------------------------------------------------------------+
; Timing Analyzer Summary                                                                                                   ;
+------------------------------+-------+---------------+-------------+------+--------+------------+----------+--------------+
; Type                         ; Slack ; Required Time ; Actual Time ; From ; To     ; From Clock ; To Clock ; Failed Paths ;
+------------------------------+-------+---------------+-------------+------+--------+------------+----------+--------------+
; Worst-case tpd               ; N/A   ; None          ; 10.980 ns   ; B[1] ; sum[3] ; --         ; --       ; 0            ;
; Total number of failed paths ;       ;               ;             ;      ;        ;            ;          ; 0            ;
+------------------------------+-------+---------------+-------------+------+--------+------------+----------+--------------+


+-----------------------------------------------------------------------------------------------------------------------------------------------------+
; Timing Analyzer Settings                                                                                                                            ;
+------------------------------------------------------------------------------------------------------+--------------------+------+----+-------------+
; Option                                                                                               ; Setting            ; From ; To ; Entity Name ;
+------------------------------------------------------------------------------------------------------+--------------------+------+----+-------------+
; Device Name                                                                                          ; EP2S15F484C3       ;      ;    ;             ;
; Timing Models                                                                                        ; Final              ;      ;    ;             ;
; Default hold multicycle                                                                              ; Same as Multicycle ;      ;    ;             ;
; Cut paths between unrelated clock domains                                                            ; On                 ;      ;    ;             ;
; Cut off read during write signal paths                                                               ; On                 ;      ;    ;             ;
; Cut off feedback from I/O pins                                                                       ; On                 ;      ;    ;             ;
; Report Combined Fast/Slow Timing                                                                     ; Off                ;      ;    ;             ;
; Ignore Clock Settings                                                                                ; Off                ;      ;    ;             ;
; Analyze latches as synchronous elements                                                              ; On                 ;      ;    ;             ;
; Enable Recovery/Removal analysis                                                                     ; Off                ;      ;    ;             ;
; Enable Clock Latency                                                                                 ; Off                ;      ;    ;             ;
; Use TimeQuest Timing Analyzer                                                                        ; Off                ;      ;    ;             ;
; Number of source nodes to report per destination node                                                ; 10                 ;      ;    ;             ;
; Number of destination nodes to report                                                                ; 10                 ;      ;    ;             ;
; Number of paths to report                                                                            ; 200                ;      ;    ;             ;
; Report Minimum Timing Checks                                                                         ; Off                ;      ;    ;             ;
; Use Fast Timing Models                                                                               ; Off                ;      ;    ;             ;
; Report IO Paths Separately                                                                           ; Off                ;      ;    ;             ;
; Perform Multicorner Analysis                                                                         ; On                 ;      ;    ;             ;
; Reports the worst-case path for each clock domain and analysis                                       ; Off                ;      ;    ;             ;
; Reports worst-case timing paths for each clock domain and analysis                                   ; Off                ;      ;    ;             ;
; Specifies the maximum number of worst-case timing paths to report for each clock domain and analysis ; 100                ;      ;    ;             ;
; Removes common clock path pessimism (CCPP) during slack computation                                  ; Off                ;      ;    ;             ;
; Output I/O Timing Endpoint                                                                           ; Near End           ;      ;    ;             ;
+------------------------------------------------------------------------------------------------------+--------------------+------+----+-------------+


Parallel compilation was disabled, but you have multiple processors available. Enable parallel compilation to reduce compilation time.
+-------------------------------------+
; Parallel Compilation                ;
+----------------------------+--------+
; Processors                 ; Number ;
+----------------------------+--------+
; Number detected on machine ; 3      ;
; Maximum allowed            ; 1      ;
+----------------------------+--------+


+-------------------------------------------------------------+
; tpd                                                         ;
+-------+-------------------+-----------------+------+--------+
; Slack ; Required P2P Time ; Actual P2P Time ; From ; To     ;
+-------+-------------------+-----------------+------+--------+
; N/A   ; None              ; 10.980 ns       ; B[1] ; sum[3] ;
; N/A   ; None              ; 10.779 ns       ; B[0] ; sum[3] ;
; N/A   ; None              ; 10.700 ns       ; A[1] ; sum[3] ;
; N/A   ; None              ; 10.562 ns       ; B[1] ; cout   ;
; N/A   ; None              ; 10.558 ns       ; B[1] ; sum[2] ;
; N/A   ; None              ; 10.470 ns       ; A[0] ; sum[3] ;
; N/A   ; None              ; 10.447 ns       ; cin  ; sum[3] ;
; N/A   ; None              ; 10.361 ns       ; B[0] ; cout   ;
; N/A   ; None              ; 10.357 ns       ; B[0] ; sum[2] ;
; N/A   ; None              ; 10.282 ns       ; A[1] ; cout   ;
; N/A   ; None              ; 10.278 ns       ; A[1] ; sum[2] ;
; N/A   ; None              ; 10.270 ns       ; B[0] ; sum[0] ;
; N/A   ; None              ; 10.070 ns       ; B[0] ; sum[1] ;
; N/A   ; None              ; 10.052 ns       ; A[0] ; cout   ;
; N/A   ; None              ; 10.048 ns       ; A[0] ; sum[2] ;
; N/A   ; None              ; 10.029 ns       ; cin  ; cout   ;
; N/A   ; None              ; 10.025 ns       ; cin  ; sum[2] ;
; N/A   ; None              ; 9.842 ns        ; B[2] ; sum[3] ;
; N/A   ; None              ; 9.816 ns        ; A[0] ; sum[0] ;
; N/A   ; None              ; 9.797 ns        ; B[3] ; sum[3] ;
; N/A   ; None              ; 9.719 ns        ; B[1] ; sum[1] ;
; N/A   ; None              ; 9.616 ns        ; A[0] ; sum[1] ;
; N/A   ; None              ; 9.599 ns        ; A[3] ; sum[3] ;
; N/A   ; None              ; 9.516 ns        ; A[2] ; sum[3] ;
; N/A   ; None              ; 9.488 ns        ; A[1] ; sum[1] ;
; N/A   ; None              ; 9.485 ns        ; B[2] ; sum[2] ;
; N/A   ; None              ; 9.425 ns        ; B[2] ; cout   ;
; N/A   ; None              ; 9.347 ns        ; B[3] ; cout   ;
; N/A   ; None              ; 9.239 ns        ; cin  ; sum[1] ;
; N/A   ; None              ; 9.222 ns        ; cin  ; sum[0] ;
; N/A   ; None              ; 9.181 ns        ; A[3] ; cout   ;
; N/A   ; None              ; 9.160 ns        ; A[2] ; sum[2] ;
; N/A   ; None              ; 9.132 ns        ; A[2] ; cout   ;
+-------+-------------------+-----------------+------+--------+


+--------------------------+
; Timing Analyzer Messages ;
+--------------------------+
Info: *******************************************************************
Info: Running Quartus II Classic Timing Analyzer
    Info: Version 9.1 Build 350 03/24/2010 Service Pack 2 SJ Web Edition
    Info: Processing started: Sun Apr 14 16:48:43 2024
Info: Command: quartus_tan --read_settings_files=off --write_settings_files=off Q4 -c Q4 --timing_analysis_only
Info: Longest tpd from source pin "B[1]" to destination pin "sum[3]" is 10.980 ns
    Info: 1: + IC(0.000 ns) + CELL(0.827 ns) = 0.827 ns; Loc. = PIN_F13; Fanout = 2; PIN Node = 'B[1]'
    Info: 2: + IC(4.611 ns) + CELL(0.228 ns) = 5.666 ns; Loc. = LCCOMB_X14_Y1_N20; Fanout = 3; COMB Node = 'Carry_lookahead_Generator:CG1|cout~0'
    Info: 3: + IC(0.269 ns) + CELL(0.366 ns) = 6.301 ns; Loc. = LCCOMB_X14_Y1_N26; Fanout = 1; COMB Node = 'Partial_Full_Adder:PFA3|sum'
    Info: 4: + IC(2.697 ns) + CELL(1.982 ns) = 10.980 ns; Loc. = PIN_C17; Fanout = 0; PIN Node = 'sum[3]'
    Info: Total cell delay = 3.403 ns ( 30.99 % )
    Info: Total interconnect delay = 7.577 ns ( 69.01 % )
Info: Quartus II Classic Timing Analyzer was successful. 0 errors, 0 warnings
    Info: Peak virtual memory: 98 megabytes
    Info: Processing ended: Sun Apr 14 16:48:43 2024
    Info: Elapsed time: 00:00:00
    Info: Total CPU time (on all processors): 00:00:00


