------------------------------------------------------------
TimeQuest Timing Analyzer Summary
------------------------------------------------------------

Type  : Slow 1200mV 85C Model Setup 'clk'
Slack : -5.627
TNS   : -201.922

Type  : Slow 1200mV 85C Model Setup 'clock_divider:clock_divider_inst|clk_div~reg0'
Slack : -2.905
TNS   : -10.625

Type  : Slow 1200mV 85C Model Hold 'clk'
Slack : -0.250
TNS   : -0.250

Type  : Slow 1200mV 85C Model Hold 'clock_divider:clock_divider_inst|clk_div~reg0'
Slack : 0.431
TNS   : 0.000

Type  : Slow 1200mV 85C Model Minimum Pulse Width 'clk'
Slack : -3.000
TNS   : -89.246

Type  : Slow 1200mV 85C Model Minimum Pulse Width 'clock_divider:clock_divider_inst|clk_div~reg0'
Slack : -1.487
TNS   : -5.948

Type  : Slow 1200mV 0C Model Setup 'clk'
Slack : -5.232
TNS   : -185.619

Type  : Slow 1200mV 0C Model Setup 'clock_divider:clock_divider_inst|clk_div~reg0'
Slack : -2.551
TNS   : -9.559

Type  : Slow 1200mV 0C Model Hold 'clk'
Slack : -0.213
TNS   : -0.213

Type  : Slow 1200mV 0C Model Hold 'clock_divider:clock_divider_inst|clk_div~reg0'
Slack : 0.380
TNS   : 0.000

Type  : Slow 1200mV 0C Model Minimum Pulse Width 'clk'
Slack : -3.000
TNS   : -89.246

Type  : Slow 1200mV 0C Model Minimum Pulse Width 'clock_divider:clock_divider_inst|clk_div~reg0'
Slack : -1.487
TNS   : -5.948

Type  : Fast 1200mV 0C Model Setup 'clk'
Slack : -1.944
TNS   : -62.119

Type  : Fast 1200mV 0C Model Setup 'clock_divider:clock_divider_inst|clk_div~reg0'
Slack : -0.691
TNS   : -2.215

Type  : Fast 1200mV 0C Model Hold 'clk'
Slack : -0.265
TNS   : -0.310

Type  : Fast 1200mV 0C Model Hold 'clock_divider:clock_divider_inst|clk_div~reg0'
Slack : 0.165
TNS   : 0.000

Type  : Fast 1200mV 0C Model Minimum Pulse Width 'clk'
Slack : -3.000
TNS   : -64.268

Type  : Fast 1200mV 0C Model Minimum Pulse Width 'clock_divider:clock_divider_inst|clk_div~reg0'
Slack : -1.000
TNS   : -4.000

------------------------------------------------------------
